JENKINS:-

1.sudo yum update

2.sudo yum install java-17-amazon-corretto

3.sudo wget -O /etc/yum.repos.d/jenkins.repo https://pkg.jenkins.io/redhat-stable/jenkins.repo   (sudo wget -O /etc/yum.repos.d/jenkins.repo https://pkg.jenkins.io/redhat/jenkins.repo)   

4.sudo rpm --import https://pkg.jenkins.io/redhat-stable/jenkins.io-2023.key   (sudo rpm --import https://pkg.jenkins.io/redhat/jenkins.io.key)

5.sudo yum install jenkins

6.sudo systemctl start jenkins

7.sudo cat /var/lib/jenkins/secrets/initialAdminPassword   (Copy the initial password)

8.Ec2 -> instances -> instance id -> security tab -> security groups -> edit inbound rule -> add rule -> port 8080 and select 0.0.0.0/0 -> click save rules

9.Public IP:8080 search in the address bar of chrome

10.Give the copied initial password and select " install suggested pulgins "


GITHUB:-

1.sudo yum install git -y

2.Plugins - Git integration

3.Tools 
    Git installation-
      Name - Git



MAVEN:-

1.cd /opt

2.sudo wget https://dlcdn.apache.org/maven/maven-3/3.9.5/binaries/apache-maven-3.9.5-bin.tar.gz -O apache-maven-3.9.5-bin.tar.gz

3.sudo tar -zxvf apache-maven-3.9.5-bin.tar.gz (extract)

4.sudo mv apache-maven-3.9.5 maven

5.sudo su -

6.cd ~

7.vi ~/.bash_profile


8. M2_HOME=/opt/maven    ( i for insert mode esc for remove insert mode , :wq enter)       
   M2=/opt/maven/bin 
   PATH=$PATH:$M2_HOME:$M2


9.source ~/.bash_profile

10.mvn -v

11.Plugins - maven integration plugin install

12. In tools:-
       JDK installations-
           Name - java-17
           JAVA_HOME - /usr/lib/jvm/java-17-amazon-corretto.x86_64


       Maven installations-
           Name - maven-3.9.5
           MAVEN_HOME - /opt/maven



For git repo use this dummy link -
1. https://github.com/GeorgeBaidooJr9/hello-world
2. https://github.com/yankils/hello-world




TOMCAT:

1.sudo su -

2.cd /opt

3.wget https://dlcdn.apache.org/tomcat/tomcat-9/v9.0.83/bin/apache-tomcat-9.0.83.tar.gz

4.tar -zxvf apache-tomcat-9.0.83.tar.gz


5.mv apache-tomcat-9.0.83 tomcat

6.cd tomcat

7.cd conf

8.vi server.xml

      #goto "insert" mode
      search for <connector> and replace 8080 to 8081
      press "esc"
      :wq
      press enter


     # Add security groups with inbound rule as "ustom tcp", 8081, 0.0.0.0/0 


9.cd ..

10.cd bin

11) ./shutdown.sh


12) ./startup.sh


13. sudo find / -name context.xml


14) vi /opt/tomcat/webapps/host-manager/META-INF/context.xml

     # Comment out the valve class name with <!- - and  - - > and  save and quit using  :wq


15) vi /opt/tomcat/webapps/manager/META-INF/context.xml

     # Comment out the valve calss name with <!- - and  - - > and save and quit using  :wq

16) cd bin


17) ./shutdown.sh


18) ./startup.sh


19) cd conf

20) vi tomcat-users.xml

:wq:
<role rolename="manager-script"/>

<role rolename="manager-jmx"/>

<role rolename="manager-status"/>

<user username="admin" password="admin" roles="manager-gui, manager- script, manager-jmx, manager-status"/> 
<user username="deployer" password="deployer" roles="manager-

script"/> <user username="tomcat" password="s3cret" roles="manager-gui"/>


21) cd ..

22) ./shutdown.sh

23)  ./startup.sh

24) credentials are username- admin  and password- admin



Create link files for Tomcat Server up and Down

ln -s /opt/tomcat/bin/startup.sh /usr/local/bin/tomcatup

ln -s /opt/tomcat/bin/shutdown.sh /usr/local/bin/tomcatdown


To remove the links 

rm /usr/local/bin/tomcatdown

rm /usr/local/bin/tomcatup





docker:
security group:8081-9000 0.0.0.0/0

1)sudo su -
2)yum install docker
3)service  docker start
4)service docker status
5                    q
6)docker search tomcat
7)docker pull tomcat
8)docker images
9)docker run -d --name tomcat -p 8081:8080 tomcat
10}docker exec -it  tomcat /bin/bash
11)pwd
12)ll
cd webapps.dist
cp -R  * .. /webapps
copy ip :8081



HI@saibalaji MINGW64 /d/sun
$ git init
Initialized empty Git repository in D:/sun/.git/

HI@saibalaji MINGW64 /d/sun (master)
$ git clone https://github.com/Saibalaji-477/menu.git
Cloning into 'menu'...
remote: Enumerating objects: 6, done.
remote: Counting objects: 100% (6/6), done.
remote: Compressing objects: 100% (3/3), done.
remote: Total 6 (delta 0), reused 0 (delta 0), pack-reused 0
Receiving objects: 100% (6/6), done.

HI@saibalaji MINGW64 /d/sun (master)
$ git remote

HI@saibalaji MINGW64 /d/sun (master)
$ git remote add origin https://github.com/Saibalaji-477/menu.git

HI@saibalaji MINGW64 /d/sun (master)
$ git remote
origin

HI@saibalaji MINGW64 /d/sun (master)
$ git remote -v
origin  https://github.com/Saibalaji-477/menu.git (fetch)
origin  https://github.com/Saibalaji-477/menu.git (push)

HI@saibalaji MINGW64 /d/sun (master)
$ git pull origin master
fatal: couldn't find remote ref master

HI@saibalaji MINGW64 /d/sun (master)
$ git fetch  origin
remote: Enumerating objects: 9, done.
remote: Counting objects: 100% (9/9), done.
remote: Compressing objects: 100% (5/5), done.
remote: Total 9 (delta 1), reused 0 (delta 0), pack-reused 0
Unpacking objects: 100% (9/9), 1.80 KiB | 7.00 KiB/s, done.
From https://github.com/Saibalaji-477/menu
 * [new branch]      main       -> origin/main

HI@saibalaji MINGW64 /d/sun (master)
$ git status
On branch master

No commits yet

Untracked files:
  (use "git add <file>..." to include in what will be committed)
        menu/

nothing added to commit but untracked files present (use "git add" to track)

HI@saibalaji MINGW64 /d/sun (master)
$ git pull origin
You asked to pull from the remote 'origin', but did not specify
a branch. Because this is not the default configured remote
for your current branch, you must specify a branch on the command line.

HI@saibalaji MINGW64 /d/sun (master)
$ git pull origin main
From https://github.com/Saibalaji-477/menu
 * branch            main       -> FETCH_HEAD

HI@saibalaji MINGW64 /d/sun (master)
$ git pull origin master
fatal: couldn't find remote ref master

HI@saibalaji MINGW64 /d/sun (master)
$ git add  saa.txt
fatal: pathspec 'saa.txt' did not match any files

HI@saibalaji MINGW64 /d/sun (master)
$ git add saa.txt
fatal: pathspec 'saa.txt' did not match any files

HI@saibalaji MINGW64 /d/sun (master)
$ git add .
warning: adding embedded git repository: menu
hint: You've added another git repository inside your current repository.
hint: Clones of the outer repository will not contain the contents of
hint: the embedded repository and will not know how to obtain it.
hint: If you meant to add a submodule, use:
hint:
hint:   git submodule add <url> menu
hint:
hint: If you added this path by mistake, you can remove it from the
hint: index with:
hint:
hint:   git rm --cached menu
hint:
hint: See "git help submodule" for more information.

HI@saibalaji MINGW64 /d/sun (master)
$ git commit -m 'gg'
[master 655da78] gg
 1 file changed, 1 insertion(+)
 create mode 160000 menu

HI@saibalaji MINGW64 /d/sun (master)
$ git push origin master
Enumerating objects: 3, done.
Counting objects: 100% (3/3), done.
Delta compression using up to 4 threads
Compressing objects: 100% (2/2), done.
Writing objects: 100% (2/2), 318 bytes | 318.00 KiB/s, done.
Total 2 (delta 0), reused 0 (delta 0), pack-reused 0
remote: 
remote: Create a pull request for 'master' on GitHub by visiting:
remote:      https://github.com/Saibalaji-477/menu/pull/new/master
remote:
To https://github.com/Saibalaji-477/menu.git
 * [new branch]      master -> master

HI@saibalaji MINGW64 /d/sun (master)
$













